[0.389s] DEBUG:colcon:Command line arguments: ['/usr/bin/colcon', 'list', '-p', '--base-paths', '/media/afsalu-rahman-c/32_SANDISK/Afsalu_Rahman_C/ros2_ws/src', '--log-base', '/dev/null']
[0.389s] DEBUG:colcon:Parsed command line arguments: Namespace(log_base=None, log_level=None, verb_name='list', build_base='build', ignore_user_meta=False, metas=['./colcon.meta'], base_paths=['/media/afsalu-rahman-c/32_SANDISK/Afsalu_Rahman_C/ros2_ws/src', '--log-base', '/dev/null'], packages_ignore=None, packages_ignore_regex=None, paths=None, packages_up_to=None, packages_up_to_regex=None, packages_above=None, packages_above_and_dependencies=None, packages_above_depth=None, packages_select_by_dep=None, packages_skip_by_dep=None, packages_skip_up_to=None, packages_select_build_failed=False, packages_skip_build_finished=False, packages_select_test_failures=False, packages_skip_test_passed=False, packages_select=None, packages_skip=None, packages_select_regex=None, packages_skip_regex=None, packages_start=None, packages_end=None, allow_overriding=[], topological_order=False, names_only=False, paths_only=True, topological_graph=False, topological_graph_dot=False, topological_graph_density=False, topological_graph_legend=False, topological_graph_dot_cluster=False, topological_graph_dot_include_skipped=False, mixin_files=None, mixin=None, verb_parser=<colcon_mixin.mixin.mixin_argument.MixinArgumentDecorator object at 0x70147bebdc40>, verb_extension=<colcon_package_information.verb.list.ListVerb object at 0x70147bebce00>, main=<bound method ListVerb.main of <colcon_package_information.verb.list.ListVerb object at 0x70147bebce00>>, mixin_verb=('list',))
[0.506s] Level 1:colcon.colcon_core.package_discovery:discover_packages(colcon_meta) check parameters
[0.506s] Level 1:colcon.colcon_core.package_discovery:discover_packages(recursive) check parameters
[0.507s] Level 1:colcon.colcon_core.package_discovery:discover_packages(ignore) check parameters
[0.507s] Level 1:colcon.colcon_core.package_discovery:discover_packages(path) check parameters
[0.507s] Level 1:colcon.colcon_core.package_discovery:discover_packages(recursive) discover
[0.507s] INFO:colcon.colcon_core.package_discovery:Crawling recursively for packages in '/media/afsalu-rahman-c/32_SANDISK/Afsalu_Rahman_C/ros2_ws/src', '/media/afsalu-rahman-c/32_SANDISK/Afsalu_Rahman_C/ros2_ws/src/--log-base', '/dev/null'
[0.507s] Level 1:colcon.colcon_core.package_identification:_identify(/media/afsalu-rahman-c/32_SANDISK/Afsalu_Rahman_C/ros2_ws/src) by extensions ['ignore', 'ignore_ament_install']
[0.507s] Level 1:colcon.colcon_core.package_identification:_identify(/media/afsalu-rahman-c/32_SANDISK/Afsalu_Rahman_C/ros2_ws/src) by extension 'ignore'
[0.508s] Level 1:colcon.colcon_core.package_identification:_identify(/media/afsalu-rahman-c/32_SANDISK/Afsalu_Rahman_C/ros2_ws/src) by extension 'ignore_ament_install'
[0.508s] Level 1:colcon.colcon_core.package_identification:_identify(/media/afsalu-rahman-c/32_SANDISK/Afsalu_Rahman_C/ros2_ws/src) by extensions ['colcon_pkg']
[0.508s] Level 1:colcon.colcon_core.package_identification:_identify(/media/afsalu-rahman-c/32_SANDISK/Afsalu_Rahman_C/ros2_ws/src) by extension 'colcon_pkg'
[0.509s] Level 1:colcon.colcon_core.package_identification:_identify(/media/afsalu-rahman-c/32_SANDISK/Afsalu_Rahman_C/ros2_ws/src) by extensions ['colcon_meta']
[0.509s] Level 1:colcon.colcon_core.package_identification:_identify(/media/afsalu-rahman-c/32_SANDISK/Afsalu_Rahman_C/ros2_ws/src) by extension 'colcon_meta'
[0.509s] Level 1:colcon.colcon_core.package_identification:_identify(/media/afsalu-rahman-c/32_SANDISK/Afsalu_Rahman_C/ros2_ws/src) by extensions ['ros']
[0.509s] Level 1:colcon.colcon_core.package_identification:_identify(/media/afsalu-rahman-c/32_SANDISK/Afsalu_Rahman_C/ros2_ws/src) by extension 'ros'
[0.583s] Level 1:colcon.colcon_core.package_identification:_identify(/media/afsalu-rahman-c/32_SANDISK/Afsalu_Rahman_C/ros2_ws/src) by extensions ['cmake', 'python']
[0.584s] Level 1:colcon.colcon_core.package_identification:_identify(/media/afsalu-rahman-c/32_SANDISK/Afsalu_Rahman_C/ros2_ws/src) by extension 'cmake'
[0.584s] Level 1:colcon.colcon_core.package_identification:_identify(/media/afsalu-rahman-c/32_SANDISK/Afsalu_Rahman_C/ros2_ws/src) by extension 'python'
[0.584s] Level 1:colcon.colcon_core.package_identification:_identify(/media/afsalu-rahman-c/32_SANDISK/Afsalu_Rahman_C/ros2_ws/src) by extensions ['python_setup_py']
[0.584s] Level 1:colcon.colcon_core.package_identification:_identify(/media/afsalu-rahman-c/32_SANDISK/Afsalu_Rahman_C/ros2_ws/src) by extension 'python_setup_py'
[0.585s] Level 1:colcon.colcon_core.package_identification:_identify(/media/afsalu-rahman-c/32_SANDISK/Afsalu_Rahman_C/ros2_ws/src/log) by extensions ['ignore', 'ignore_ament_install']
[0.585s] Level 1:colcon.colcon_core.package_identification:_identify(/media/afsalu-rahman-c/32_SANDISK/Afsalu_Rahman_C/ros2_ws/src/log) by extension 'ignore'
[0.586s] Level 1:colcon.colcon_core.package_identification:_identify(/media/afsalu-rahman-c/32_SANDISK/Afsalu_Rahman_C/ros2_ws/src/log) ignored
[0.586s] Level 1:colcon.colcon_core.package_identification:_identify(/media/afsalu-rahman-c/32_SANDISK/Afsalu_Rahman_C/ros2_ws/src/mavros_real_config) by extensions ['ignore', 'ignore_ament_install']
[0.586s] Level 1:colcon.colcon_core.package_identification:_identify(/media/afsalu-rahman-c/32_SANDISK/Afsalu_Rahman_C/ros2_ws/src/mavros_real_config) by extension 'ignore'
[0.586s] Level 1:colcon.colcon_core.package_identification:_identify(/media/afsalu-rahman-c/32_SANDISK/Afsalu_Rahman_C/ros2_ws/src/mavros_real_config) by extension 'ignore_ament_install'
[0.587s] Level 1:colcon.colcon_core.package_identification:_identify(/media/afsalu-rahman-c/32_SANDISK/Afsalu_Rahman_C/ros2_ws/src/mavros_real_config) by extensions ['colcon_pkg']
[0.587s] Level 1:colcon.colcon_core.package_identification:_identify(/media/afsalu-rahman-c/32_SANDISK/Afsalu_Rahman_C/ros2_ws/src/mavros_real_config) by extension 'colcon_pkg'
[0.587s] Level 1:colcon.colcon_core.package_identification:_identify(/media/afsalu-rahman-c/32_SANDISK/Afsalu_Rahman_C/ros2_ws/src/mavros_real_config) by extensions ['colcon_meta']
[0.587s] Level 1:colcon.colcon_core.package_identification:_identify(/media/afsalu-rahman-c/32_SANDISK/Afsalu_Rahman_C/ros2_ws/src/mavros_real_config) by extension 'colcon_meta'
[0.587s] Level 1:colcon.colcon_core.package_identification:_identify(/media/afsalu-rahman-c/32_SANDISK/Afsalu_Rahman_C/ros2_ws/src/mavros_real_config) by extensions ['ros']
[0.588s] Level 1:colcon.colcon_core.package_identification:_identify(/media/afsalu-rahman-c/32_SANDISK/Afsalu_Rahman_C/ros2_ws/src/mavros_real_config) by extension 'ros'
[0.595s] DEBUG:colcon.colcon_core.package_identification:Package '/media/afsalu-rahman-c/32_SANDISK/Afsalu_Rahman_C/ros2_ws/src/mavros_real_config' with type 'ros.ament_python' and name 'mavros_real_config'
[0.595s] Level 1:colcon.colcon_core.package_identification:_identify(/media/afsalu-rahman-c/32_SANDISK/Afsalu_Rahman_C/ros2_ws/src/mavros_sitl_config) by extensions ['ignore', 'ignore_ament_install']
[0.596s] Level 1:colcon.colcon_core.package_identification:_identify(/media/afsalu-rahman-c/32_SANDISK/Afsalu_Rahman_C/ros2_ws/src/mavros_sitl_config) by extension 'ignore'
[0.596s] Level 1:colcon.colcon_core.package_identification:_identify(/media/afsalu-rahman-c/32_SANDISK/Afsalu_Rahman_C/ros2_ws/src/mavros_sitl_config) by extension 'ignore_ament_install'
[0.596s] Level 1:colcon.colcon_core.package_identification:_identify(/media/afsalu-rahman-c/32_SANDISK/Afsalu_Rahman_C/ros2_ws/src/mavros_sitl_config) by extensions ['colcon_pkg']
[0.596s] Level 1:colcon.colcon_core.package_identification:_identify(/media/afsalu-rahman-c/32_SANDISK/Afsalu_Rahman_C/ros2_ws/src/mavros_sitl_config) by extension 'colcon_pkg'
[0.596s] Level 1:colcon.colcon_core.package_identification:_identify(/media/afsalu-rahman-c/32_SANDISK/Afsalu_Rahman_C/ros2_ws/src/mavros_sitl_config) by extensions ['colcon_meta']
[0.596s] Level 1:colcon.colcon_core.package_identification:_identify(/media/afsalu-rahman-c/32_SANDISK/Afsalu_Rahman_C/ros2_ws/src/mavros_sitl_config) by extension 'colcon_meta'
[0.597s] Level 1:colcon.colcon_core.package_identification:_identify(/media/afsalu-rahman-c/32_SANDISK/Afsalu_Rahman_C/ros2_ws/src/mavros_sitl_config) by extensions ['ros']
[0.597s] Level 1:colcon.colcon_core.package_identification:_identify(/media/afsalu-rahman-c/32_SANDISK/Afsalu_Rahman_C/ros2_ws/src/mavros_sitl_config) by extension 'ros'
[0.599s] DEBUG:colcon.colcon_core.package_identification:Package '/media/afsalu-rahman-c/32_SANDISK/Afsalu_Rahman_C/ros2_ws/src/mavros_sitl_config' with type 'ros.ament_python' and name 'mavros_sitl_config'
[0.599s] Level 1:colcon.colcon_core.package_discovery:discover_packages(recursive) using defaults
